#-----------------------------------------------------------
# PlanAhead v14.7 (64-bit)
# Build 321239 by xbuild on Fri Sep 27 19:29:51 MDT 2013
# Start of session at: Thu May 23 20:05:16 2024
# Process ID: 6284
# Log file: C:/Users/feiniaohuang/Desktop/cpu/cpu/planAhead_run_1/planAhead.log
# Journal file: C:/Users/feiniaohuang/Desktop/cpu/cpu/planAhead_run_1/planAhead.jou
#-----------------------------------------------------------
INFO: [Common 17-78] Attempting to get a license: PlanAhead
INFO: [Common 17-290] Got license for PlanAhead
INFO: [Device 21-36] Loading parts and site information from C:/Xilinx/14.7/ISE_DS/PlanAhead/data/parts/arch.xml
Parsing RTL primitives file [C:/Xilinx/14.7/ISE_DS/PlanAhead/data/parts/xilinx/rtl/prims/rtl_prims.xml]
Finished parsing RTL primitives file [C:/Xilinx/14.7/ISE_DS/PlanAhead/data/parts/xilinx/rtl/prims/rtl_prims.xml]
start_gui
source C:/Users/feiniaohuang/Desktop/cpu/cpu/pa.fromHdl.tcl
# create_project -name cpu -dir "C:/Users/feiniaohuang/Desktop/cpu/cpu/planAhead_run_2" -part xc3s1200efg320-4
create_project: Time (s): elapsed = 00:00:06 . Memory (MB): peak = 526.930 ; gain = 76.070
# set_param project.pinAheadLayout yes
# set srcset [get_property srcset [current_run -impl]]
# set_property target_constrs_file "cpu.ucf" [current_fileset -constrset]
Adding file 'C:/Users/feiniaohuang/Desktop/cpu/cpu/cpu.ucf' to fileset 'constrs_1'
# set hdlfile [add_files [list {cpu.vhd}]]
# set_property file_type VHDL $hdlfile
# set_property library work $hdlfile
# set_property top cpu $srcset
# add_files [list {cpu.ucf}] -fileset [get_property constrset [current_run]]
# open_rtl_design -part xc3s1200efg320-4
Using Verific elaboration
Parsing VHDL file "C:/Xilinx/14.7/ISE_DS/PlanAhead/data/parts/xilinx/rtl/lib/synplify/synattr.vhd" into library synplify
Parsing VHDL file "C:/Xilinx/14.7/ISE_DS/PlanAhead/data/parts/xilinx/rtl/lib/synplify/synattr.vhd" into library synplify
Parsing VHDL file "C:/Users/feiniaohuang/Desktop/cpu/cpu/cpu.vhd" into library work
INFO: [Designutils 20-910] Reading macro library C:/Xilinx/14.7/ISE_DS/PlanAhead/data\./parts/xilinx/spartan3e/spartan3e/hd_int_macros.edn
Parsing EDIF File [C:/Xilinx/14.7/ISE_DS/PlanAhead/data\./parts/xilinx/spartan3e/spartan3e/hd_int_macros.edn]
Finished Parsing EDIF File [C:/Xilinx/14.7/ISE_DS/PlanAhead/data\./parts/xilinx/spartan3e/spartan3e/hd_int_macros.edn]
Loading clock regions from C:/Xilinx/14.7/ISE_DS/PlanAhead/data\parts/xilinx/spartan3e/spartan3e/xc3s1200e/ClockRegion.xml
Loading clock buffers from C:/Xilinx/14.7/ISE_DS/PlanAhead/data\parts/xilinx/spartan3e/spartan3e/xc3s1200e/ClockBuffers.xml
Loading package from C:/Xilinx/14.7/ISE_DS/PlanAhead/data\parts/xilinx/spartan3e/spartan3e/xc3s1200e/fg320/Package.xml
Loading io standards from C:/Xilinx/14.7/ISE_DS/PlanAhead/data\./parts/xilinx/spartan3e/IOStandards.xml
INFO: [Device 21-19] Loading pkg sso from C:/Xilinx/14.7/ISE_DS/PlanAhead/data\parts/xilinx/spartan3e/spartan3e/xc3s1200e/fg320/SSORules.xml
Loading list of drcs for the architecture : C:/Xilinx/14.7/ISE_DS/PlanAhead/data\./parts/xilinx/spartan3e/spartan3e/drc.xml
INFO: [Timing 38-77] Reading timing library C:/Xilinx/14.7/ISE_DS/PlanAhead/data\parts/xilinx/spartan3e/spartan3e/spartan3e-4.lib.
INFO: [Timing 38-34] Done reading timing library C:/Xilinx/14.7/ISE_DS/PlanAhead/data\parts/xilinx/spartan3e/spartan3e/spartan3e-4.lib.
Parsing UCF File [C:/Users/feiniaohuang/Desktop/cpu/cpu/cpu.ucf]
Finished Parsing UCF File [C:/Users/feiniaohuang/Desktop/cpu/cpu/cpu.ucf]
INFO: [Project 1-111] Unisim Transformation Summary:
No Unisim elements were transformed.

Phase 0 | Netlist Checksum: 50c78442
open_rtl_design: Time (s): elapsed = 00:00:17 . Memory (MB): peak = 620.500 ; gain = 84.512
update_compile_order -fileset sim_1
startgroup
set_property package_pin U9 [get_ports clk]
endgroup
startgroup
set_property package_pin U10 [get_ports rst]
endgroup
startgroup
set_property package_pin U11 [get_ports DBC]
endgroup
startgroup
set_property package_pin M15 [get_ports ram_en]
endgroup
startgroup
set_property package_pin M16 [get_ports ram_oe]
endgroup
startgroup
set_property package_pin M18 [get_ports ram_rw]
endgroup
startgroup
set_property package_pin T7 [get_ports {input[15]}]
endgroup
startgroup
set_property package_pin R7 [get_ports {input[14]}]
endgroup
startgroup
set_property package_pin U8 [get_ports {input[13]}]
endgroup
startgroup
set_property package_pin V4 [get_ports {input[12]}]
endgroup
startgroup
set_property package_pin V3 [get_ports {input[11]}]
endgroup
startgroup
set_property package_pin V2 [get_ports {input[10]}]
endgroup
startgroup
set_property package_pin U1 [get_ports {input[9]}]
endgroup
startgroup
set_property package_pin R4 [get_ports {input[8]}]
endgroup
startgroup
set_property package_pin R1 [get_ports {input[7]}]
endgroup
startgroup
set_property package_pin N2 [get_ports {input[6]}]
endgroup
startgroup
set_property package_pin N1 [get_ports {input[5]}]
endgroup
startgroup
set_property package_pin M1 [get_ports {input[4]}]
endgroup
startgroup
set_property package_pin K7 [get_ports {input[3]}]
endgroup
startgroup
set_property package_pin K2 [get_ports {input[2]}]
endgroup
startgroup
set_property package_pin J7 [get_ports {input[1]}]
endgroup
startgroup
set_property package_pin J6 [get_ports {input[0]}]
endgroup
startgroup
set_property package_pin A14 [get_ports {output[15]}]
endgroup
startgroup
set_property package_pin D10 [get_ports {output[15]}]
endgroup
startgroup
set_property package_pin E10 [get_ports {output[14]}]
endgroup
startgroup
set_property package_pin A11 [get_ports {output[13]}]
endgroup
startgroup
set_property package_pin B11 [get_ports {output[12]}]
endgroup
startgroup
set_property package_pin C11 [get_ports {output[11]}]
endgroup
startgroup
set_property package_pin D11 [get_ports {output[10]}]
endgroup
startgroup
set_property package_pin E11 [get_ports {output[9]}]
endgroup
startgroup
set_property package_pin F11 [get_ports {output[8]}]
endgroup
startgroup
set_property package_pin A12 [get_ports {output[7]}]
endgroup
startgroup
set_property package_pin E12 [get_ports {output[6]}]
endgroup
startgroup
set_property package_pin F12 [get_ports {output[5]}]
endgroup
startgroup
set_property package_pin A13 [get_ports {output[4]}]
endgroup
startgroup
set_property package_pin B13 [get_ports {output[3]}]
endgroup
startgroup
set_property package_pin D13 [get_ports {output[2]}]
endgroup
startgroup
set_property package_pin E13 [get_ports {output[1]}]
endgroup
startgroup
set_property package_pin A14 [get_ports {output[0]}]
endgroup
startgroup
set_property package_pin F8 [get_ports {seg[13]}]
endgroup
startgroup
set_property package_pin E8 [get_ports {seg[12]}]
endgroup
startgroup
set_property package_pin A8 [get_ports {seg[11]}]
endgroup
startgroup
set_property package_pin F7 [get_ports {seg[10]}]
endgroup
startgroup
set_property package_pin E7 [get_ports {seg[9]}]
endgroup
startgroup
set_property package_pin D7 [get_ports {seg[8]}]
endgroup
startgroup
set_property package_pin C7 [get_ports {seg[7]}]
endgroup
startgroup
set_property package_pin B10 [get_ports {seg[6]}]
endgroup
startgroup
set_property package_pin A10 [get_ports {seg[5]}]
endgroup
startgroup
set_property package_pin G9 [get_ports {seg[4]}]
endgroup
startgroup
set_property package_pin F9 [get_ports {seg[3]}]
endgroup
startgroup
set_property package_pin E9 [get_ports {seg[2]}]
endgroup
startgroup
set_property package_pin D9 [get_ports {seg[1]}]
endgroup
startgroup
set_property package_pin C9 [get_ports {seg[0]}]
endgroup
startgroup
set_property package_pin M14 [get_ports {ram_data[15]}]
endgroup
startgroup
set_property package_pin M14 [get_ports {ram_data[15]}]
endgroup
startgroup
set_property package_pin M13 [get_ports {ram_data[14]}]
endgroup
startgroup
set_property package_pin L18 [get_ports {ram_data[13]}]
endgroup
startgroup
set_property package_pin L17 [get_ports {ram_data[12]}]
endgroup
startgroup
set_property package_pin L16 [get_ports {ram_data[11]}]
endgroup
startgroup
set_property package_pin L15 [get_ports {ram_data[10]}]
endgroup
startgroup
set_property package_pin K15 [get_ports {ram_data[9]}]
endgroup
startgroup
set_property package_pin K14 [get_ports {ram_data[8]}]
endgroup
startgroup
set_property package_pin K13 [get_ports {ram_data[7]}]
endgroup
startgroup
set_property package_pin K12 [get_ports {ram_data[6]}]
endgroup
startgroup
set_property package_pin J17 [get_ports {ram_data[5]}]
endgroup
startgroup
set_property package_pin J16 [get_ports {ram_data[4]}]
endgroup
startgroup
set_property package_pin J15 [get_ports {ram_data[3]}]
endgroup
startgroup
set_property package_pin J14 [get_ports {ram_data[2]}]
endgroup
startgroup
set_property package_pin J13 [get_ports {ram_data[1]}]
endgroup
startgroup
set_property package_pin J12 [get_ports {ram_data[0]}]
endgroup
save_constraints
set_property package_pin "" [get_ports [list  {ram_addr[15]}]]
set_property package_pin "" [get_ports [list  {ram_addr[17]}]]
startgroup
set_property package_pin H17 [get_ports {ram_addr[17]}]
endgroup
startgroup
set_property package_pin H16 [get_ports {ram_addr[16]}]
endgroup
startgroup
set_property package_pin H15 [get_ports {ram_addr[15]}]
endgroup
startgroup
set_property package_pin H14 [get_ports {ram_addr[14]}]
endgroup
startgroup
set_property package_pin H13 [get_ports {ram_addr[13]}]
endgroup
startgroup
set_property package_pin G16 [get_ports {ram_addr[13]}]
endgroup
startgroup
set_property package_pin G15 [get_ports {ram_addr[12]}]
endgroup
startgroup
set_property package_pin G14 [get_ports {ram_addr[11]}]
endgroup
startgroup
set_property package_pin G13 [get_ports {ram_addr[10]}]
endgroup
startgroup
set_property package_pin F18 [get_ports {ram_addr[9]}]
endgroup
startgroup
set_property package_pin F17 [get_ports {ram_addr[8]}]
endgroup
startgroup
set_property package_pin F15 [get_ports {ram_addr[7]}]
endgroup
startgroup
set_property package_pin F14 [get_ports {ram_addr[6]}]
endgroup
startgroup
set_property package_pin E16 [get_ports {ram_addr[5]}]
endgroup
startgroup
set_property package_pin E15 [get_ports {ram_addr[4]}]
endgroup
startgroup
set_property package_pin D17 [get_ports {ram_addr[3]}]
endgroup
startgroup
set_property package_pin D16 [get_ports {ram_addr[2]}]
endgroup
startgroup
set_property package_pin C18 [get_ports {ram_addr[1]}]
endgroup
startgroup
set_property package_pin C17 [get_ports {ram_addr[0]}]
endgroup
startgroup
set_property package_pin H17 [get_ports {ram_addr[17]}]
endgroup
save_constraints
exit
ERROR: [PlanAhead 12-106] *** Exception: ui.h.b: Found deleted key in HTclEventBroker. Verify if the classes listed here call cleanup()
HTclEvent: DEBUG_CORE_CONFIG_CHANGE   Classes: ui.views.aR 
HTclEvent: DEBUG_PORT_CONFIG_CHANGE   Classes: ui.views.aR 
HTclEvent: SIGNAL_MODIFY   Classes: ui.views.aR 
HTclEvent: SIGNAL_BUS_MODIFY   Classes: ui.views.aR 
 (See C:/Users/feiniaohuang/Desktop/cpu/cpu\planAhead_pid6284.debug)
ERROR: [Common 17-39] 'stop_gui' failed due to earlier errors.
INFO: [Common 17-206] Exiting PlanAhead at Thu May 23 20:25:35 2024...
INFO: [Common 17-83] Releasing license: PlanAhead
